docker network create --internal --opt com.docker.network.bridge.inhibit_ipv4=true --label dev.qory.run=0191f2a4-3c5e-7b8d-9e0f-1a2b3c4d5e6f qory-0191f2a4-3c5e-7b8d-9e0f-1a2b3c4d5e6f-in
docker network create --label dev.qory.run=0191f2a4-3c5e-7b8d-9e0f-1a2b3c4d5e6f qory-0191f2a4-3c5e-7b8d-9e0f-1a2b3c4d5e6f-out
docker network inspect --format '{{range .IPAM.Config}}{{.Gateway}} {{end}}' qory-0191f2a4-3c5e-7b8d-9e0f-1a2b3c4d5e6f-out
docker create --name qory-0191f2a4-3c5e-7b8d-9e0f-1a2b3c4d5e6f-relay --label dev.qory.run=0191f2a4-3c5e-7b8d-9e0f-1a2b3c4d5e6f --network qory-0191f2a4-3c5e-7b8d-9e0f-1a2b3c4d5e6f-out --user 1000:1000 --cap-drop ALL --security-opt no-new-privileges --init --env-file RELAYENVFILE --read-only --mount type=bind,src=/opt/qory/qory-linux,dst=/qory/qory,readonly --entrypoint /qory/qory example.com/agent:1-docker run relay 3128=172.30.0.1:50123
docker network connect --alias qory-proxy qory-0191f2a4-3c5e-7b8d-9e0f-1a2b3c4d5e6f-in qory-0191f2a4-3c5e-7b8d-9e0f-1a2b3c4d5e6f-relay
docker start qory-0191f2a4-3c5e-7b8d-9e0f-1a2b3c4d5e6f-relay
docker logs qory-0191f2a4-3c5e-7b8d-9e0f-1a2b3c4d5e6f-relay
docker rm --force --volumes qory-0191f2a4-3c5e-7b8d-9e0f-1a2b3c4d5e6f-agent
docker rm --force --volumes qory-0191f2a4-3c5e-7b8d-9e0f-1a2b3c4d5e6f-relay
docker network rm qory-0191f2a4-3c5e-7b8d-9e0f-1a2b3c4d5e6f-out
docker network rm qory-0191f2a4-3c5e-7b8d-9e0f-1a2b3c4d5e6f-in

wrapped:
docker run --rm --interactive --name qory-0191f2a4-3c5e-7b8d-9e0f-1a2b3c4d5e6f-agent --label dev.qory.run=0191f2a4-3c5e-7b8d-9e0f-1a2b3c4d5e6f --network qory-0191f2a4-3c5e-7b8d-9e0f-1a2b3c4d5e6f-in --runtime sysbox-runc --user 0:0 --security-opt no-new-privileges --init --mount type=volume,dst=/var/lib/docker --env-file ENVFILE --workdir /work --mount type=bind,src=/opt/qory/qory-linux,dst=/qory/qory,readonly --mount type=bind,src=/work,dst=/work --mount type=bind,src=/home/dev/.qory/homes/work,dst=/home/dev/.qory/homes/work,readonly --mount type=bind,src=/work/.qory/runs/0191f2a4-3c5e-7b8d-9e0f-1a2b3c4d5e6f,dst=/work/.qory/runs/0191f2a4-3c5e-7b8d-9e0f-1a2b3c4d5e6f,readonly --mount type=bind,src=/tmp/qory-run-1,dst=/qory/hooks --entrypoint /qory/qory example.com/agent:1-docker run nest --user 1000:1000 -- claude --settings /work/.qory/runs/0191f2a4-3c5e-7b8d-9e0f-1a2b3c4d5e6f/settings.json -p 'say hi'
